#![feature(prelude_import)]
#[prelude_import]
use std::prelude::rust_2021::*;
#[macro_use]
extern crate std;
use dynosaur::dynosaur;

trait MyTrait {
    type Item;
    async fn foo(&self)
    -> Self::Item;
}
mod __dynosaur_macro_dynmytrait {
    use super::*;
    trait ErasedMyTrait {
        type Item;
        fn foo<'life0, 'dynosaur>(&'life0 self)
        ->
            ::core::pin::Pin<Box<dyn ::core::future::Future<Output =
            Self::Item> + 'dynosaur>>
        where
        'life0: 'dynosaur,
        Self: 'dynosaur;
    }
    impl<DYNOSAUR: MyTrait> ErasedMyTrait for DYNOSAUR {
        type Item = <Self as MyTrait>::Item;
        fn foo<'life0, 'dynosaur>(&'life0 self)
            ->
                ::core::pin::Pin<Box<dyn ::core::future::Future<Output =
                Self::Item> + 'dynosaur>> where 'life0: 'dynosaur,
            Self: 'dynosaur {
            Box::pin(<Self as MyTrait>::foo(self))
        }
    }
    #[repr(transparent)]
    pub struct DynMyTrait<'dynosaur_struct, Item> {
        ptr: dyn ErasedMyTrait<Item = Item> + 'dynosaur_struct,
    }
    impl<'dynosaur_struct, Item> MyTrait for
        DynMyTrait<'dynosaur_struct, Item> {
        type Item = Item;
        fn foo(&self) -> impl ::core::future::Future<Output = Self::Item> {
            let ret:
                    ::core::pin::Pin<Box<dyn ::core::future::Future<Output =
                    Self::Item> + '_>> = self.ptr.foo();
            let ret:
                    ::core::pin::Pin<Box<dyn ::core::future::Future<Output =
                    Self::Item> + 'static>> =
                unsafe { ::core::mem::transmute(ret) };
            ret
        }
    }
    impl<'dynosaur_struct, Item> DynMyTrait<'dynosaur_struct, Item> {
        pub fn new_box(value: impl MyTrait<Item = Item> + 'dynosaur_struct)
            -> Box<DynMyTrait<'dynosaur_struct, Item>> {
            let value = Box::new(value);
            let value:
                    Box<dyn ErasedMyTrait<Item = Item> + 'dynosaur_struct> =
                value;
            unsafe { ::core::mem::transmute(value) }
        }
        pub fn new_arc(value: impl MyTrait<Item = Item> + 'dynosaur_struct)
            -> std::sync::Arc<DynMyTrait<'dynosaur_struct, Item>> {
            let value = std::sync::Arc::new(value);
            let value:
                    std::sync::Arc<dyn ErasedMyTrait<Item = Item> +
                    'dynosaur_struct> = value;
            unsafe { ::core::mem::transmute(value) }
        }
        pub fn new_rc(value: impl MyTrait<Item = Item> + 'dynosaur_struct)
            -> std::rc::Rc<DynMyTrait<'dynosaur_struct, Item>> {
            let value = std::rc::Rc::new(value);
            let value:
                    std::rc::Rc<dyn ErasedMyTrait<Item = Item> +
                    'dynosaur_struct> = value;
            unsafe { ::core::mem::transmute(value) }
        }
        pub const fn from_ref(value:
                &(impl MyTrait<Item = Item> + 'dynosaur_struct))
            -> &DynMyTrait<'dynosaur_struct, Item> {
            let value: &(dyn ErasedMyTrait<Item = Item> + 'dynosaur_struct) =
                &*value;
            unsafe { ::core::mem::transmute(value) }
        }
        pub const fn from_mut(value:
                &mut (impl MyTrait<Item = Item> + 'dynosaur_struct))
            -> &mut DynMyTrait<'dynosaur_struct, Item> {
            let value:
                    &mut (dyn ErasedMyTrait<Item = Item> + 'dynosaur_struct) =
                &mut *value;
            unsafe { ::core::mem::transmute(value) }
        }
    }
    impl<DYNOSAUR: MyTrait> MyTrait for &DYNOSAUR where DYNOSAUR: ?Sized {
        type Item = <DYNOSAUR as MyTrait>::Item;
        fn foo(&self) -> impl ::core::future::Future<Output = Self::Item> {
            <DYNOSAUR as MyTrait>::foo(self)
        }
    }
    impl<DYNOSAUR: MyTrait> MyTrait for &mut DYNOSAUR where DYNOSAUR: ?Sized {
        type Item = <DYNOSAUR as MyTrait>::Item;
        fn foo(&self) -> impl ::core::future::Future<Output = Self::Item> {
            <DYNOSAUR as MyTrait>::foo(self)
        }
    }
    impl<DYNOSAUR: MyTrait> MyTrait for Box<DYNOSAUR> where DYNOSAUR: ?Sized {
        type Item = <DYNOSAUR as MyTrait>::Item;
        fn foo(&self) -> impl ::core::future::Future<Output = Self::Item> {
            <DYNOSAUR as MyTrait>::foo(self)
        }
    }
}
use __dynosaur_macro_dynmytrait::DynMyTrait;

fn main() {}
