#![feature(prelude_import)]
#[prelude_import]
use std::prelude::rust_2021::*;
#[macro_use]
extern crate std;
trait Foo {
    const BAR: i32;

    fn foo(&self)
    -> impl Send;
}
mod __dynosaur_macro_dynfoo {
    use super::*;
    trait ErasedFoo {
        const BAR: i32;
        fn foo<'life0, 'dynosaur>(&'life0 self)
        -> Box<dyn Send + 'dynosaur>
        where
        'life0: 'dynosaur,
        Self: 'dynosaur;
    }
    impl<DYNOSAUR: Foo> ErasedFoo for DYNOSAUR {
        fn foo<'life0, 'dynosaur>(&'life0 self) -> Box<dyn Send + 'dynosaur>
            where 'life0: 'dynosaur, Self: 'dynosaur {
            Box::new(<Self as Foo>::foo(self))
        }
    }
    #[repr(transparent)]
    pub struct DynFoo<'dynosaur_struct> {
        ptr: dyn ErasedFoo + 'dynosaur_struct,
    }
    impl<'dynosaur_struct> Foo for DynFoo<'dynosaur_struct> {
        fn foo(&self) -> impl Send {
            let ret: Box<dyn Send + '_> = self.ptr.foo();
            let ret: Box<dyn Send + '_> =
                unsafe { ::core::mem::transmute(ret) };
            ret
        }
    }
    impl<'dynosaur_struct> DynFoo<'dynosaur_struct> {
        pub fn new_box(value: impl Foo + 'dynosaur_struct)
            -> Box<DynFoo<'dynosaur_struct>> {
            let value = Box::new(value);
            let value: Box<dyn ErasedFoo + 'dynosaur_struct> = value;
            unsafe { ::core::mem::transmute(value) }
        }
        pub fn new_arc(value: impl Foo + 'dynosaur_struct)
            -> std::sync::Arc<DynFoo<'dynosaur_struct>> {
            let value = std::sync::Arc::new(value);
            let value: std::sync::Arc<dyn ErasedFoo + 'dynosaur_struct> =
                value;
            unsafe { ::core::mem::transmute(value) }
        }
        pub fn new_rc(value: impl Foo + 'dynosaur_struct)
            -> std::rc::Rc<DynFoo<'dynosaur_struct>> {
            let value = std::rc::Rc::new(value);
            let value: std::rc::Rc<dyn ErasedFoo + 'dynosaur_struct> = value;
            unsafe { ::core::mem::transmute(value) }
        }
        pub const fn from_ref(value: &(impl Foo + 'dynosaur_struct))
            -> &DynFoo<'dynosaur_struct> {
            let value: &(dyn ErasedFoo + 'dynosaur_struct) = &*value;
            unsafe { ::core::mem::transmute(value) }
        }
        pub const fn from_mut(value: &mut (impl Foo + 'dynosaur_struct))
            -> &mut DynFoo<'dynosaur_struct> {
            let value: &mut (dyn ErasedFoo + 'dynosaur_struct) = &mut *value;
            unsafe { ::core::mem::transmute(value) }
        }
    }
    impl<'dynosaur_struct> Foo for &DynFoo<'dynosaur_struct> {
        fn foo(&self) -> impl Send {
            <DynFoo<'dynosaur_struct> as Foo>::foo(self)
        }
    }
    impl<'dynosaur_struct> Foo for &mut DynFoo<'dynosaur_struct> {
        fn foo(&self) -> impl Send {
            <DynFoo<'dynosaur_struct> as Foo>::foo(self)
        }
    }
    impl<'dynosaur_struct> Foo for Box<DynFoo<'dynosaur_struct>> {
        fn foo(&self) -> impl Send {
            <DynFoo<'dynosaur_struct> as Foo>::foo(self)
        }
    }
}
use __dynosaur_macro_dynfoo::DynFoo;

fn main() {}
