#![feature(prelude_import)]
#[prelude_import]
use std::prelude::rust_2021::*;
#[macro_use]
extern crate std;
use dynosaur::dynosaur;

trait MyTrait {
    fn foo(&mut self)
    -> impl ::core::future::Future<Output = ()>
    where
    Self: Sized;
    async fn bar(&mut self);
}
mod __dynosaur_macro_dynmytrait {
    use super::*;
    trait ErasedMyTrait {
        fn bar<'life0, 'dynosaur>(&'life0 mut self)
        ->
            ::core::pin::Pin<Box<dyn ::core::future::Future<Output = ()> +
            'dynosaur>>
        where
        'life0: 'dynosaur,
        Self: 'dynosaur;
    }
    #[repr(transparent)]
    pub struct DynMyTrait<'dynosaur_struct> {
        ptr: dyn ErasedMyTrait + 'dynosaur_struct,
    }
    impl<'dynosaur_struct> MyTrait for DynMyTrait<'dynosaur_struct> {
        #[allow(unreachable_code)]
        fn foo(&mut self) -> impl ::core::future::Future<Output = ()> where
            Self: Sized {


                ::core::panicking::panic("internal error: entered unreachable code")
                as
                ::core::pin::Pin<Box<dyn ::core::future::Future<Output = ()> +
                'static>>
        }
        fn bar(&mut self) -> impl ::core::future::Future<Output = ()> {
            let ret:
                    ::core::pin::Pin<Box<dyn ::core::future::Future<Output =
                    ()> + '_>> = self.ptr.bar();
            let ret:
                    ::core::pin::Pin<Box<dyn ::core::future::Future<Output =
                    ()> + 'static>> = unsafe { ::core::mem::transmute(ret) };
            ret
        }
    }
    impl<'dynosaur_struct> DynMyTrait<'dynosaur_struct> {
        pub fn new_box(value: impl MyTrait + 'dynosaur_struct)
            -> Box<DynMyTrait<'dynosaur_struct>> {
            let value = Box::new(value);
            let value: Box<dyn ErasedMyTrait + 'dynosaur_struct> = value;
            unsafe { ::core::mem::transmute(value) }
        }
        pub fn new_arc(value: impl MyTrait + 'dynosaur_struct)
            -> std::sync::Arc<DynMyTrait<'dynosaur_struct>> {
            let value = std::sync::Arc::new(value);
            let value: std::sync::Arc<dyn ErasedMyTrait + 'dynosaur_struct> =
                value;
            unsafe { ::core::mem::transmute(value) }
        }
        pub fn new_rc(value: impl MyTrait + 'dynosaur_struct)
            -> std::rc::Rc<DynMyTrait<'dynosaur_struct>> {
            let value = std::rc::Rc::new(value);
            let value: std::rc::Rc<dyn ErasedMyTrait + 'dynosaur_struct> =
                value;
            unsafe { ::core::mem::transmute(value) }
        }
        pub const fn from_ref(value: &(impl MyTrait + 'dynosaur_struct))
            -> &DynMyTrait<'dynosaur_struct> {
            let value: &(dyn ErasedMyTrait + 'dynosaur_struct) = &*value;
            unsafe { ::core::mem::transmute(value) }
        }
        pub const fn from_mut(value: &mut (impl MyTrait + 'dynosaur_struct))
            -> &mut DynMyTrait<'dynosaur_struct> {
            let value: &mut (dyn ErasedMyTrait + 'dynosaur_struct) =
                &mut *value;
            unsafe { ::core::mem::transmute(value) }
        }
    }
    impl<'dynosaur_struct> MyTrait for &mut DynMyTrait<'dynosaur_struct> {
        #[allow(unreachable_code)]
        fn foo(&mut self) -> impl ::core::future::Future<Output = ()> where
            Self: Sized {
            ::core::panicking::panic("internal error: entered unreachable code")
                as
                ::core::pin::Pin<Box<dyn ::core::future::Future<Output = ()> +
                'static>>
        }
        fn bar(&mut self) -> impl ::core::future::Future<Output = ()> {
            <DynMyTrait<'dynosaur_struct> as MyTrait>::bar(self)
        }
    }
    impl<'dynosaur_struct> MyTrait for Box<DynMyTrait<'dynosaur_struct>> {
        #[allow(unreachable_code)]
        fn foo(&mut self) -> impl ::core::future::Future<Output = ()> where
            Self: Sized {
            ::core::panicking::panic("internal error: entered unreachable code")
                as
                ::core::pin::Pin<Box<dyn ::core::future::Future<Output = ()> +
                'static>>
        }
        fn bar(&mut self) -> impl ::core::future::Future<Output = ()> {
            <DynMyTrait<'dynosaur_struct> as MyTrait>::bar(self)
        }
    }
}
use __dynosaur_macro_dynmytrait::DynMyTrait;
fn main() {}
